apiVersion: v1
data:
  ROK_SECRET_NAME: secret-rok-{username}
  UI: default
  policy: Always
  prefix: jupyter
kind: ConfigMap
metadata:
  labels:
    app: jupyter-web-app
    app.kubernetes.io/component: jupyter-web-app
    app.kubernetes.io/instance: jupyter-web-app-v1.0.0
    app.kubernetes.io/managed-by: kfctl
    app.kubernetes.io/name: jupyter-web-app
    app.kubernetes.io/part-of: kubeflow
    app.kubernetes.io/version: v1.0.0
    kustomize.component: jupyter-web-app
  name: jupyter-web-app-parameters
  namespace: kubeflow
