apiVersion: v1
data:
  clusterDomain: cluster.local
kind: ConfigMap
metadata:
  labels:
    app.kubernetes.io/component: katib
    app.kubernetes.io/name: katib-controller
  name: katib-parameters
  namespace: kubeflow
